Microchip MPLAB XC8 Compiler V1.12 ()

Linker command line:

--edf=C:\Program Files (x86)\Microchip\xc8\v1.12\dat\en_msgs.txt -cs \
  -h+dist/18F4550/production\PTK40A_18F_Exam_5.production.sym -z -Q18F4550 \
  -ol.obj -Mdist/18F4550/production/PTK40A_18F_Exam_5.production.map -E1 \
  -ver=XC8 -ACODE=00h-07FFFh -ACONST=00h-07FFFh \
  -ASMALLCONST=0800h-08FFhx120 -AMEDIUMCONST=0800h-07FFFh -ACOMRAM=01h-05Fh \
  -AABS1=00h-07FFh -ABIGRAM=01h-07FFh -ARAM=060h-0FFh,0100h-01FFhx7 \
  -ABANK0=060h-0FFh -ABANK1=0100h-01FFh -ABANK2=0200h-02FFh \
  -ABANK3=0300h-03FFh -ABANK4=0400h-04FFh -ABANK5=0500h-05FFh \
  -ABANK6=0600h-06FFh -ABANK7=0700h-07FFh -ASFR=0F60h-0FFFh \
  -preset_vec=00h,intcode,intcodelo,powerup,init,end_init -pramtop=0800h \
  -psmallconst=SMALLCONST -pmediumconst=MEDIUMCONST -pconst=CONST \
  -AFARRAM=00h-00h -ACONFIG=0300000h-030000Dh -pconfig=CONFIG \
  -AIDLOC=0200000h-0200007h -pidloc=IDLOC -AEEDATA=0F00000h-0F000FFh \
  -peeprom_data=EEDATA \
  -prdata=COMRAM,nvrram=COMRAM,nvbit=COMRAM,rbss=COMRAM,rbit=COMRAM \
  -pfarbss=FARRAM,fardata=FARRAM \
  -pintsave_regs=BIGRAM,bigbss=BIGRAM,bigdata=BIGRAM -pbss=RAM \
  -pidata=CODE,irdata=CODE,ibigdata=CODE,ifardata=CODE \
  C:\Users\Ober\AppData\Local\Temp\s8qs.obj \
  dist/18F4550/production\PTK40A_18F_Exam_5.production.obj 

Object code version is 3.10

Machine type is 18F4550

Call graph: (short form)




                Name                               Link     Load   Length Selector   Space Scale
C:\Users\Ober\AppData\Local\Temp\s8qs.obj
                end_init                              0        0        4        0       0
                idloc                            200000   200000        8   200000       0
                config                           300000   300000        E   300000       0
dist/18F4550/production\PTK40A_18F_Exam_5.production.obj
                smallconst                          800      800        6      400       0
                text17                              A52      A52       A8      403       0
                text16                              996      996       BC      403       0
                text15                              806      806      190      403       0
                text14                              C86      C86       36      403       0
                text13                              CBC      CBC       32      403       0
                text12                              CEE      CEE       30      403       0
                text11                              DD6      DD6        6      403       0
                text10                              DCA      DCA        C      403       0
                text9                               DBE      DBE        C      403       0
                text8                               B6A      B6A       62      403       0
                text7                               DA8      DA8       16      403       0
                text6                               AFA      AFA       70      403       0
                text5                               D8E      D8E       1A      403       0
                text4                               D74      D74       1A      403       0
                text3                               C2A      C2A       5C      403       0
                text2                               D3C      D3C       1E      403       0
                text1                               D1E      D1E       1E      403       0
                text0                               BCC      BCC       5E      403       0
                cstackCOMRAM                         14       14        E        1       1
                bssCOMRAM                             1        1       13        1       1
                cinit                               D5A      D5A       1A      403       0

TOTAL           Name                               Link     Load   Length     Space
        CLASS   CODE           
                end_init                              0        0        4         0
                text17                              A52      A52       A8         0
                text16                              996      996       BC         0
                text15                              806      806      190         0
                text14                              C86      C86       36         0
                text13                              CBC      CBC       32         0
                text12                              CEE      CEE       30         0
                text11                              DD6      DD6        6         0
                text10                              DCA      DCA        C         0
                text9                               DBE      DBE        C         0
                text8                               B6A      B6A       62         0
                text7                               DA8      DA8       16         0
                text6                               AFA      AFA       70         0
                text5                               D8E      D8E       1A         0
                text4                               D74      D74       1A         0
                text3                               C2A      C2A       5C         0
                text2                               D3C      D3C       1E         0
                text1                               D1E      D1E       1E         0
                text0                               BCC      BCC       5E         0
                cinit                               D5A      D5A       1A         0

        CLASS   CONST          

        CLASS   SMALLCONST     
                smallconst                          800      800        6         0

        CLASS   MEDIUMCONST    

        CLASS   COMRAM         
                cstackCOMRAM                         14       14        E         1
                bssCOMRAM                             1        1       13         1

        CLASS   ABS1           

        CLASS   BIGRAM         

        CLASS   RAM            

        CLASS   BANK0          

        CLASS   BANK1          

        CLASS   BANK2          

        CLASS   BANK3          

        CLASS   BANK4          

        CLASS   BANK5          

        CLASS   BANK6          

        CLASS   BANK7          

        CLASS   SFR            

        CLASS   FARRAM         

        CLASS   CONFIG         
                config                           300000   300000        E         0

        CLASS   IDLOC          
                idloc                            200000   200000        8         0

        CLASS   EEDATA         



SEGMENTS        Name                           Load    Length   Top    Selector   Space  Class

                reset_vec                      000000  000004  000004         0       0  CODE    
                bssCOMRAM                      000001  000021  000022         1       1  COMRAM  
                smallconst                     000800  000006  000806       400       0  SMALLCON
                text15                         000806  0005D6  000DDC       403       0  CODE    
                idloc                          200000  000008  200008    200000       0  IDLOC   
                config                         300000  00000E  30000E    300000       0  CONFIG  


UNUSED ADDRESS RANGES

        Name                Unused          Largest block    Delta
        BANK0            000060-0000FF               A0
        BANK1            000100-0001FF              100
        BANK2            000200-0002FF              100
        BANK3            000300-0003FF              100
        BANK4            000400-0004FF              100
        BANK5            000500-0005FF              100
        BANK6            000600-0006FF              100
        BANK7            000700-0007FF              100
        BIGRAM           000022-0007FF              7DE
        CODE             000004-0007FF              7FC
                         000DDC-007FFF             7224
        COMRAM           000022-00005F               3E
        CONST            000004-0007FF              7FC
                         000DDC-007FFF             7224
        EEDATA           F00000-F000FF              100
        MEDIUMCONST      000DDC-007FFF             7224
        RAM              000060-0007FF              100
        SFR              000F60-000FFF               A0
        SMALLCONST       000DDC-007FFF              100

                                  Symbol Table

?___awdiv                   cstackCOMRAM 000014
?___awmod                   cstackCOMRAM 000014
?_beep                      cstackCOMRAM 000017
?_delay_ms                  cstackCOMRAM 000014
?_seg7_1_dis                cstackCOMRAM 00001B
?_seg7_2_dis                cstackCOMRAM 00001D
?_seg7_com_dis              cstackCOMRAM 00001E
?_send_lcd_data             cstackCOMRAM 000015
?_set_lcd_data              cstackCOMRAM 000014
?_set_lcd_e                 cstackCOMRAM 000014
?_set_lcd_rs                cstackCOMRAM 000014
_ACQT0                      (abs)        007E03
_ACQT1                      (abs)        007E04
_ACQT2                      (abs)        007E05
_ADCS0                      (abs)        007E00
_ADCS1                      (abs)        007E01
_ADCS2                      (abs)        007E02
_ADFM                       (abs)        007E07
_ADON                       (abs)        007E10
_ADRES                      (abs)        000FC3
_CHS0                       (abs)        007E12
_CHS1                       (abs)        007E13
_CHS2                       (abs)        007E14
_CHS3                       (abs)        007E15
_DONE                       (abs)        007E11
_GO                         (abs)        007E11
_LATAbits                   (abs)        000F89
_LATD                       (abs)        000F8C
_LC2                        (abs)        007C5A
_LD4                        (abs)        007C64
_LD5                        (abs)        007C65
_LD6                        (abs)        007C66
_LD7                        (abs)        007C67
_LE0                        (abs)        007C68
_LE1                        (abs)        007C69
_PCFG0                      (abs)        007E08
_PCFG1                      (abs)        007E09
_PCFG2                      (abs)        007E0A
_PCFG3                      (abs)        007E0B
_PORTA                      (abs)        000F80
_PORTB                      (abs)        000F81
_PORTC                      (abs)        000F82
_PORTD                      (abs)        000F83
_PORTE                      (abs)        000F84
_RB0                        (abs)        007C08
_RB1                        (abs)        007C09
_RB2                        (abs)        007C0A
_RB3                        (abs)        007C0B
_TRISA                      (abs)        000F92
_TRISB                      (abs)        000F93
_TRISC                      (abs)        000F94
_TRISD                      (abs)        000F95
_TRISD4                     (abs)        007CAC
_TRISD5                     (abs)        007CAD
_TRISD6                     (abs)        007CAE
_TRISE                      (abs)        000F96
_VCFG0                      (abs)        007E0C
_VCFG1                      (abs)        007E0D
__CFG_BOR$OFF               (abs)        000000
__CFG_CCP2MX$ON             (abs)        000000
__CFG_CPUDIV$OSC1_PLL2      (abs)        000000
__CFG_DEBUG$OFF             (abs)        000000
__CFG_FCMEN$ON              (abs)        000000
__CFG_FOSC$HSPLL_HS         (abs)        000000
__CFG_IESO$ON               (abs)        000000
__CFG_LPT1OSC$OFF           (abs)        000000
__CFG_LVP$OFF               (abs)        000000
__CFG_MCLRE$ON              (abs)        000000
__CFG_PBADEN$ON             (abs)        000000
__CFG_PLLDIV$5              (abs)        000000
__CFG_PWRT$ON               (abs)        000000
__CFG_STVREN$ON             (abs)        000000
__CFG_USBDIV$2              (abs)        000000
__CFG_VREGEN$ON             (abs)        000000
__CFG_WDT$OFF               (abs)        000000
__CFG_WRTB$ON               (abs)        000000
__CFG_XINST$OFF             (abs)        000000
__HRAM                      (abs)        000000
__Habs1                     abs1         000000
__Hbank0                    bank0        000000
__Hbank1                    bank1        000000
__Hbank2                    bank2        000000
__Hbank3                    bank3        000000
__Hbank4                    bank4        000000
__Hbank5                    bank5        000000
__Hbank6                    bank6        000000
__Hbank7                    bank7        000000
__Hbigbss                   bigbss       000000
__Hbigdata                  bigdata      000000
__Hbigram                   bigram       000000
__Hbss                      bss          000000
__HbssCOMRAM                bssCOMRAM    000000
__Hcinit                    cinit        000000
__Hclrtext                  clrtext      000000
__Hcomram                   comram       000000
__Hconfig                   config       30000E
__Hconst                    const        000000
__HcstackCOMRAM             cstackCOMRAM 000000
__Hdata                     data         000000
__Heeprom_data              eeprom_data  000000
__Hend_init                 end_init     000004
__Hfarbss                   farbss       000000
__Hfardata                  fardata      000000
__Hibigdata                 ibigdata     000000
__Hidata                    idata        000000
__Hidloc                    idloc        200008
__Hifardata                 ifardata     000000
__Hinit                     init         000000
__Hintcode                  intcode      000000
__Hintcode_body             intcode_body 000000
__Hintcodelo                intcodelo    000000
__Hintentry                 intentry     000000
__Hintret                   intret       000000
__Hintsave_regs             intsave_regs 000000
__Hirdata                   irdata       000000
__Hmediumconst              mediumconst  000000
__Hnvbit                    nvbit        000000
__Hnvrram                   nvrram       000000
__Hparam                    rparam       000000
__Hpowerup                  powerup      000000
__Hram                      ram          000000
__Hramtop                   ramtop       000800
__Hrbit                     rbit         000000
__Hrbss                     rbss         000000
__Hrdata                    rdata        000000
__Hreset_vec                reset_vec    000000
__Hrparam                   rparam       000000
__Hsfr                      sfr          000000
__Hsmallconst               smallconst   000806
__Hstruct                   struct       000000
__Htemp                     temp         000000
__Htext                     text         000000
__Htext0                    text0        000000
__Htext1                    text1        000000
__Htext10                   text10       000000
__Htext11                   text11       000000
__Htext12                   text12       000000
__Htext13                   text13       000000
__Htext14                   text14       000000
__Htext15                   text15       000000
__Htext16                   text16       000000
__Htext17                   text17       000000
__Htext2                    text2        000000
__Htext3                    text3        000000
__Htext4                    text4        000000
__Htext5                    text5        000000
__Htext6                    text6        000000
__Htext7                    text7        000000
__Htext8                    text8        000000
__Htext9                    text9        000000
__LRAM                      (abs)        000001
__Labs1                     abs1         000000
__Lbank0                    bank0        000000
__Lbank1                    bank1        000000
__Lbank2                    bank2        000000
__Lbank3                    bank3        000000
__Lbank4                    bank4        000000
__Lbank5                    bank5        000000
__Lbank6                    bank6        000000
__Lbank7                    bank7        000000
__Lbigbss                   bigbss       000000
__Lbigdata                  bigdata      000000
__Lbigram                   bigram       000000
__Lbss                      bss          000000
__LbssCOMRAM                bssCOMRAM    000000
__Lcinit                    cinit        000000
__Lclrtext                  clrtext      000000
__Lcomram                   comram       000000
__Lconfig                   config       300000
__Lconst                    const        000000
__LcstackCOMRAM             cstackCOMRAM 000000
__Ldata                     data         000000
__Leeprom_data              eeprom_data  000000
__Lend_init                 end_init     000000
__Lfarbss                   farbss       000000
__Lfardata                  fardata      000000
__Libigdata                 ibigdata     000000
__Lidata                    idata        000000
__Lidloc                    idloc        200000
__Lifardata                 ifardata     000000
__Linit                     init         000000
__Lintcode                  intcode      000000
__Lintcode_body             intcode_body 000000
__Lintcodelo                intcodelo    000000
__Lintentry                 intentry     000000
__Lintret                   intret       000000
__Lintsave_regs             intsave_regs 000000
__Lirdata                   irdata       000000
__Lmediumconst              mediumconst  000000
__Lnvbit                    nvbit        000000
__Lnvrram                   nvrram       000000
__Lparam                    rparam       000000
__Lpowerup                  powerup      000000
__Lram                      ram          000000
__Lramtop                   ramtop       000800
__Lrbit                     rbit         000000
__Lrbss                     rbss         000000
__Lrdata                    rdata        000000
__Lreset_vec                reset_vec    000000
__Lrparam                   rparam       000000
__Lsfr                      sfr          000000
__Lsmallconst               smallconst   000800
__Lstruct                   struct       000000
__Ltemp                     temp         000000
__Ltext                     text         000000
__Ltext0                    text0        000000
__Ltext1                    text1        000000
__Ltext10                   text10       000000
__Ltext11                   text11       000000
__Ltext12                   text12       000000
__Ltext13                   text13       000000
__Ltext14                   text14       000000
__Ltext15                   text15       000000
__Ltext16                   text16       000000
__Ltext17                   text17       000000
__Ltext2                    text2        000000
__Ltext3                    text3        000000
__Ltext4                    text4        000000
__Ltext5                    text5        000000
__Ltext6                    text6        000000
__Ltext7                    text7        000000
__Ltext8                    text8        000000
__Ltext9                    text9        000000
__S0                        (abs)        30000E
__S1                        (abs)        000022
___awdiv                    text16       000996
___awdiv@counter            cstackCOMRAM 000019
___awdiv@dividend           cstackCOMRAM 000014
___awdiv@divisor            cstackCOMRAM 000016
___awdiv@quotient           cstackCOMRAM 00001B
___awdiv@sign               cstackCOMRAM 00001A
___awmod                    text17       000A52
___awmod@counter            cstackCOMRAM 000019
___awmod@dividend           cstackCOMRAM 000014
___awmod@divisor            cstackCOMRAM 000016
___awmod@sign               cstackCOMRAM 00001A
__accesstop                 (abs)        000060
__activetblptr              (abs)        000001
__end_of___awdiv            text16       000A52
__end_of___awmod            text17       000AFA
__end_of__initialization    cinit        000D66
__end_of__stringdata        smallconst   000805
__end_of_adc_initialize     text1        000D3C
__end_of_beep               text12       000D1E
__end_of_c_read_keypad      text15       000996
__end_of_c_wait_keypad      text13       000CEE
__end_of_delay_ms           text14       000CBC
__end_of_lcd_clear          text7        000DBE
__end_of_lcd_initialize     text6        000B6A
__end_of_main               text0        000C2A
__end_of_seg7_1_dis         text4        000D8E
__end_of_seg7_2_dis         text5        000DA8
__end_of_seg7_com_dis       text3        000C86
__end_of_seg7_initialize    text2        000D5A
__end_of_send_lcd_data      text8        000BCC
__end_of_set_lcd_data       text11       000DDC
__end_of_set_lcd_e          text9        000DCA
__end_of_set_lcd_rs         text10       000DD6
__initialization            cinit        000D5A
__mediumconst               mediumconst  000000
__pbssCOMRAM                bssCOMRAM    000001
__pcinit                    cinit        000D5A
__pcstackCOMRAM             cstackCOMRAM 000014
__psmallconst               smallconst   000800
__ptext0                    text0        000BCC
__ptext1                    text1        000D1E
__ptext10                   text10       000DCA
__ptext11                   text11       000DD6
__ptext12                   text12       000CEE
__ptext13                   text13       000CBC
__ptext14                   text14       000C86
__ptext15                   text15       000806
__ptext16                   text16       000996
__ptext17                   text17       000A52
__ptext2                    text2        000D3C
__ptext3                    text3        000C2A
__ptext4                    text4        000D74
__ptext5                    text5        000D8E
__ptext6                    text6        000AFA
__ptext7                    text7        000DA8
__ptext8                    text8        000B6A
__ptext9                    text9        000DBE
__ramtop                    ramtop       000800
__size_of___awdiv           (abs)        000000
__size_of___awmod           (abs)        000000
__size_of_adc_initialize    (abs)        000000
__size_of_beep              (abs)        000000
__size_of_c_read_keypad     (abs)        000000
__size_of_c_wait_keypad     (abs)        000000
__size_of_delay_ms          (abs)        000000
__size_of_lcd_clear         (abs)        000000
__size_of_lcd_initialize    (abs)        000000
__size_of_main              (abs)        000000
__size_of_seg7_1_dis        (abs)        000000
__size_of_seg7_2_dis        (abs)        000000
__size_of_seg7_com_dis      (abs)        000000
__size_of_seg7_initialize   (abs)        000000
__size_of_send_lcd_data     (abs)        000000
__size_of_set_lcd_data      (abs)        000000
__size_of_set_lcd_e         (abs)        000000
__size_of_set_lcd_rs        (abs)        000000
__smallconst                smallconst   000800
__stringdata                smallconst   000800
_adc_initialize             text1        000D1E
_beep                       text12       000CEE
_c_read_keypad              text15       000806
_c_wait_keypad              text13       000CBC
_delay_ms                   text14       000C86
_display_control            bssCOMRAM    000011
_display_entry              bssCOMRAM    000012
_display_shift              bssCOMRAM    000013
_lcd_clear                  text7        000DA8
_lcd_initialize             text6        000AFA
_main                       text0        000BCC
_seg7_1_dis                 text4        000D74
_seg7_2_dis                 text5        000D8E
_seg7_com_dis               text3        000C2A
_seg7_initialize            text2        000D3C
_send_lcd_data              text8        000B6A
_set_lcd_data               text11       000DD6
_set_lcd_e                  text9        000DBE
_set_lcd_rs                 text10       000DCA
beep@uc_count               cstackCOMRAM 000017
c_read_keypad@key           cstackCOMRAM 000015
c_wait_keypad@c_pressed_key cstackCOMRAM 000017
delay_ms@ui_millisecond     cstackCOMRAM 000014
end_of_initialization       cinit        000D66
intlevel0                   text         000000
intlevel1                   text         000000
intlevel2                   text         000000
intlevel3                   text         000000
lcd_bcd@F5220               bssCOMRAM    000001
lcd_float@F5227             bssCOMRAM    00000B
main@value                  cstackCOMRAM 000021
seg7_1_dis@uc_number        cstackCOMRAM 00001B
seg7_2_dis@uc_number        cstackCOMRAM 00001D
seg7_com_dis@uc_number      cstackCOMRAM 00001E
send_lcd_data@b_rs          cstackCOMRAM 000015
send_lcd_data@uc_data       cstackCOMRAM 000016
set_lcd_data@uc_data        cstackCOMRAM 000014
set_lcd_e@b_output          cstackCOMRAM 000014
set_lcd_rs@b_output         cstackCOMRAM 000014
start                       init         000000
start_initialization        cinit        000D5A


FUNCTION INFORMATION:

 *************** function _main *****************
 Defined at:
		line 92 in file "src/18F_Main_E_5.c"
 Parameters:    Size  Location     Type
		None
 Auto vars:     Size  Location     Type
  value           1   13[COMRAM] unsigned char 
 Return value:  Size  Location     Type
                  2  275[COMRAM] int 
 Registers used:
		wreg, status,2, status,0, cstack
 Tracked objects:
		On entry : 
		On exit  : 
		Unchanged: 
 Data sizes:     COMRAM   BANK0   BANK1   BANK2   BANK3   BANK4   BANK5   BANK6   BANK7
      Params:         0       0       0       0       0       0       0       0       0
      Locals:         1       0       0       0       0       0       0       0       0
      Temps:          1       0       0       0       0       0       0       0       0
      Totals:         2       0       0       0       0       0       0       0       0
Total ram usage:        2 bytes
 Hardware stack levels required when called:    4
 This function calls:
		_adc_initialize
		_seg7_initialize
		_lcd_initialize
		_beep
		_c_wait_keypad
		_seg7_com_dis
 This function is called by:
		Startup code after reset
 This function uses a non-reentrant model


 *************** function _adc_initialize *****************
 Defined at:
		line 26 in file "src/adc.c"
 Parameters:    Size  Location     Type
		None
 Auto vars:     Size  Location     Type
		None
 Return value:  Size  Location     Type
		None               void
 Registers used:
		None
 Tracked objects:
		On entry : 
		On exit  : 
		Unchanged: 
 Data sizes:     COMRAM   BANK0   BANK1   BANK2   BANK3   BANK4   BANK5   BANK6   BANK7
      Params:         0       0       0       0       0       0       0       0       0
      Locals:         0       0       0       0       0       0       0       0       0
      Temps:          0       0       0       0       0       0       0       0       0
      Totals:         0       0       0       0       0       0       0       0       0
Total ram usage:        0 bytes
 Hardware stack levels used:    1
 This function calls:
		Nothing
 This function is called by:
		_main
 This function uses a non-reentrant model


 *************** function _seg7_initialize *****************
 Defined at:
		line 50 in file "src/seg7.c"
 Parameters:    Size  Location     Type
		None
 Auto vars:     Size  Location     Type
		None
 Return value:  Size  Location     Type
		None               void
 Registers used:
		wreg, status,2, status,0
 Tracked objects:
		On entry : 
		On exit  : 
		Unchanged: 
 Data sizes:     COMRAM   BANK0   BANK1   BANK2   BANK3   BANK4   BANK5   BANK6   BANK7
      Params:         0       0       0       0       0       0       0       0       0
      Locals:         0       0       0       0       0       0       0       0       0
      Temps:          0       0       0       0       0       0       0       0       0
      Totals:         0       0       0       0       0       0       0       0       0
Total ram usage:        0 bytes
 Hardware stack levels used:    1
 This function calls:
		Nothing
 This function is called by:
		_main
 This function uses a non-reentrant model


 *************** function _seg7_com_dis *****************
 Defined at:
		line 125 in file "src/seg7.c"
 Parameters:    Size  Location     Type
  uc_number       1   10[COMRAM] unsigned char 
 Auto vars:     Size  Location     Type
		None
 Return value:  Size  Location     Type
		None               void
 Registers used:
		wreg, status,2, status,0, cstack
 Tracked objects:
		On entry : 
		On exit  : 
		Unchanged: 
 Data sizes:     COMRAM   BANK0   BANK1   BANK2   BANK3   BANK4   BANK5   BANK6   BANK7
      Params:         1       0       0       0       0       0       0       0       0
      Locals:         0       0       0       0       0       0       0       0       0
      Temps:          1       0       0       0       0       0       0       0       0
      Totals:         2       0       0       0       0       0       0       0       0
Total ram usage:        2 bytes
 Hardware stack levels used:    1
 Hardware stack levels required when called:    1
 This function calls:
		_seg7_1_dis
		_seg7_2_dis
		___awmod
		___awdiv
 This function is called by:
		_main
 This function uses a non-reentrant model


 *************** function _seg7_1_dis *****************
 Defined at:
		line 77 in file "src/seg7.c"
 Parameters:    Size  Location     Type
  uc_number       1    7[COMRAM] unsigned char 
 Auto vars:     Size  Location     Type
		None
 Return value:  Size  Location     Type
		None               void
 Registers used:
		wreg, status,2, status,0
 Tracked objects:
		On entry : 
		On exit  : 
		Unchanged: 
 Data sizes:     COMRAM   BANK0   BANK1   BANK2   BANK3   BANK4   BANK5   BANK6   BANK7
      Params:         1       0       0       0       0       0       0       0       0
      Locals:         0       0       0       0       0       0       0       0       0
      Temps:          0       0       0       0       0       0       0       0       0
      Totals:         1       0       0       0       0       0       0       0       0
Total ram usage:        1 bytes
 Hardware stack levels used:    1
 This function calls:
		Nothing
 This function is called by:
		_seg7_com_dis
 This function uses a non-reentrant model


 *************** function _seg7_2_dis *****************
 Defined at:
		line 101 in file "src/seg7.c"
 Parameters:    Size  Location     Type
  uc_number       1    9[COMRAM] unsigned char 
 Auto vars:     Size  Location     Type
		None
 Return value:  Size  Location     Type
		None               void
 Registers used:
		wreg, status,2, status,0
 Tracked objects:
		On entry : 
		On exit  : 
		Unchanged: 
 Data sizes:     COMRAM   BANK0   BANK1   BANK2   BANK3   BANK4   BANK5   BANK6   BANK7
      Params:         1       0       0       0       0       0       0       0       0
      Locals:         0       0       0       0       0       0       0       0       0
      Temps:          0       0       0       0       0       0       0       0       0
      Totals:         1       0       0       0       0       0       0       0       0
Total ram usage:        1 bytes
 Hardware stack levels used:    1
 This function calls:
		Nothing
 This function is called by:
		_seg7_com_dis
 This function uses a non-reentrant model


 *************** function _lcd_initialize *****************
 Defined at:
		line 105 in file "src/lcd.c"
 Parameters:    Size  Location     Type
		None
 Auto vars:     Size  Location     Type
		None
 Return value:  Size  Location     Type
		None               void
 Registers used:
		wreg, status,2, status,0, cstack
 Tracked objects:
		On entry : 
		On exit  : 
		Unchanged: 
 Data sizes:     COMRAM   BANK0   BANK1   BANK2   BANK3   BANK4   BANK5   BANK6   BANK7
      Params:         0       0       0       0       0       0       0       0       0
      Locals:         0       0       0       0       0       0       0       0       0
      Temps:          2       0       0       0       0       0       0       0       0
      Totals:         2       0       0       0       0       0       0       0       0
Total ram usage:        2 bytes
 Hardware stack levels used:    1
 Hardware stack levels required when called:    3
 This function calls:
		_set_lcd_e
		_send_lcd_data
		_lcd_clear
 This function is called by:
		_main
 This function uses a non-reentrant model


 *************** function _lcd_clear *****************
 Defined at:
		line 161 in file "src/lcd.c"
 Parameters:    Size  Location     Type
		None
 Auto vars:     Size  Location     Type
		None
 Return value:  Size  Location     Type
		None               void
 Registers used:
		wreg, status,2, cstack
 Tracked objects:
		On entry : 
		On exit  : 
		Unchanged: 
 Data sizes:     COMRAM   BANK0   BANK1   BANK2   BANK3   BANK4   BANK5   BANK6   BANK7
      Params:         0       0       0       0       0       0       0       0       0
      Locals:         0       0       0       0       0       0       0       0       0
      Temps:          2       0       0       0       0       0       0       0       0
      Totals:         2       0       0       0       0       0       0       0       0
Total ram usage:        2 bytes
 Hardware stack levels used:    1
 Hardware stack levels required when called:    2
 This function calls:
		_send_lcd_data
 This function is called by:
		_lcd_initialize
		_lcd_clear_msg
 This function uses a non-reentrant model


 *************** function _send_lcd_data *****************
 Defined at:
		line 524 in file "src/lcd.c"
 Parameters:    Size  Location     Type
  b_rs            1    1[COMRAM] unsigned char 
  uc_data         1    2[COMRAM] unsigned char 
 Auto vars:     Size  Location     Type
		None
 Return value:  Size  Location     Type
		None               void
 Registers used:
		wreg, status,2, cstack
 Tracked objects:
		On entry : 
		On exit  : 
		Unchanged: 
 Data sizes:     COMRAM   BANK0   BANK1   BANK2   BANK3   BANK4   BANK5   BANK6   BANK7
      Params:         2       0       0       0       0       0       0       0       0
      Locals:         0       0       0       0       0       0       0       0       0
      Temps:          1       0       0       0       0       0       0       0       0
      Totals:         3       0       0       0       0       0       0       0       0
Total ram usage:        3 bytes
 Hardware stack levels used:    1
 Hardware stack levels required when called:    1
 This function calls:
		_set_lcd_rs
		_set_lcd_data
		_set_lcd_e
 This function is called by:
		_lcd_initialize
		_lcd_clear
		_lcd_config
		_lcd_home
		_lcd_2ndline
		_lcd_goto
		_lcd_putchar
 This function uses a non-reentrant model


 *************** function _set_lcd_e *****************
 Defined at:
		line 556 in file "src/lcd.c"
 Parameters:    Size  Location     Type
  b_output        1    0[COMRAM] unsigned char 
 Auto vars:     Size  Location     Type
		None
 Return value:  Size  Location     Type
		None               void
 Registers used:
		None
 Tracked objects:
		On entry : 
		On exit  : 
		Unchanged: 
 Data sizes:     COMRAM   BANK0   BANK1   BANK2   BANK3   BANK4   BANK5   BANK6   BANK7
      Params:         1       0       0       0       0       0       0       0       0
      Locals:         0       0       0       0       0       0       0       0       0
      Temps:          0       0       0       0       0       0       0       0       0
      Totals:         1       0       0       0       0       0       0       0       0
Total ram usage:        1 bytes
 Hardware stack levels used:    1
 This function calls:
		Nothing
 This function is called by:
		_lcd_initialize
		_send_lcd_data
 This function uses a non-reentrant model


 *************** function _set_lcd_rs *****************
 Defined at:
		line 576 in file "src/lcd.c"
 Parameters:    Size  Location     Type
  b_output        1    0[COMRAM] unsigned char 
 Auto vars:     Size  Location     Type
		None
 Return value:  Size  Location     Type
		None               void
 Registers used:
		None
 Tracked objects:
		On entry : 
		On exit  : 
		Unchanged: 
 Data sizes:     COMRAM   BANK0   BANK1   BANK2   BANK3   BANK4   BANK5   BANK6   BANK7
      Params:         1       0       0       0       0       0       0       0       0
      Locals:         0       0       0       0       0       0       0       0       0
      Temps:          0       0       0       0       0       0       0       0       0
      Totals:         1       0       0       0       0       0       0       0       0
Total ram usage:        1 bytes
 Hardware stack levels used:    1
 This function calls:
		Nothing
 This function is called by:
		_send_lcd_data
 This function uses a non-reentrant model


 *************** function _set_lcd_data *****************
 Defined at:
		line 596 in file "src/lcd.c"
 Parameters:    Size  Location     Type
  uc_data         1    0[COMRAM] unsigned char 
 Auto vars:     Size  Location     Type
		None
 Return value:  Size  Location     Type
		None               void
 Registers used:
		None
 Tracked objects:
		On entry : 
		On exit  : 
		Unchanged: 
 Data sizes:     COMRAM   BANK0   BANK1   BANK2   BANK3   BANK4   BANK5   BANK6   BANK7
      Params:         1       0       0       0       0       0       0       0       0
      Locals:         0       0       0       0       0       0       0       0       0
      Temps:          0       0       0       0       0       0       0       0       0
      Totals:         1       0       0       0       0       0       0       0       0
Total ram usage:        1 bytes
 Hardware stack levels used:    1
 This function calls:
		Nothing
 This function is called by:
		_send_lcd_data
 This function uses a non-reentrant model


 *************** function _beep *****************
 Defined at:
		line 196 in file "src/18F_Main_E_5.c"
 Parameters:    Size  Location     Type
  uc_count        1    3[COMRAM] unsigned char 
 Auto vars:     Size  Location     Type
		None
 Return value:  Size  Location     Type
		None               void
 Registers used:
		wreg, status,2, status,0, cstack
 Tracked objects:
		On entry : 
		On exit  : 
		Unchanged: 
 Data sizes:     COMRAM   BANK0   BANK1   BANK2   BANK3   BANK4   BANK5   BANK6   BANK7
      Params:         1       0       0       0       0       0       0       0       0
      Locals:         0       0       0       0       0       0       0       0       0
      Temps:          0       0       0       0       0       0       0       0       0
      Totals:         1       0       0       0       0       0       0       0       0
Total ram usage:        1 bytes
 Hardware stack levels used:    1
 Hardware stack levels required when called:    1
 This function calls:
		_delay_ms
 This function is called by:
		_main
 This function uses a non-reentrant model


 *************** function _c_wait_keypad *****************
 Defined at:
		line 128 in file "src/keypad.c"
 Parameters:    Size  Location     Type
		None
 Auto vars:     Size  Location     Type
  c_pressed_ke    1    3[COMRAM] unsigned char 
 Return value:  Size  Location     Type
                  1    wreg      unsigned char 
 Registers used:
		wreg, status,2, status,0, cstack
 Tracked objects:
		On entry : 
		On exit  : 
		Unchanged: 
 Data sizes:     COMRAM   BANK0   BANK1   BANK2   BANK3   BANK4   BANK5   BANK6   BANK7
      Params:         0       0       0       0       0       0       0       0       0
      Locals:         1       0       0       0       0       0       0       0       0
      Temps:          1       0       0       0       0       0       0       0       0
      Totals:         2       0       0       0       0       0       0       0       0
Total ram usage:        2 bytes
 Hardware stack levels used:    1
 Hardware stack levels required when called:    1
 This function calls:
		_c_read_keypad
 This function is called by:
		_main
 This function uses a non-reentrant model


 *************** function _delay_ms *****************
 Defined at:
		line 174 in file "src/18F_Main_E_5.c"
 Parameters:    Size  Location     Type
  ui_milliseco    2    0[COMRAM] unsigned int 
 Auto vars:     Size  Location     Type
		None
 Return value:  Size  Location     Type
		None               void
 Registers used:
		wreg, status,2, status,0
 Tracked objects:
		On entry : 
		On exit  : 
		Unchanged: 
 Data sizes:     COMRAM   BANK0   BANK1   BANK2   BANK3   BANK4   BANK5   BANK6   BANK7
      Params:         2       0       0       0       0       0       0       0       0
      Locals:         0       0       0       0       0       0       0       0       0
      Temps:          1       0       0       0       0       0       0       0       0
      Totals:         3       0       0       0       0       0       0       0       0
Total ram usage:        3 bytes
 Hardware stack levels used:    1
 This function calls:
		Nothing
 This function is called by:
		_beep
 This function uses a non-reentrant model


 *************** function _c_read_keypad *****************
 Defined at:
		line 24 in file "src/keypad.c"
 Parameters:    Size  Location     Type
		None
 Auto vars:     Size  Location     Type
  key             1    1[COMRAM] unsigned char 
 Return value:  Size  Location     Type
                  1    wreg      unsigned char 
 Registers used:
		wreg, status,2
 Tracked objects:
		On entry : 
		On exit  : 
		Unchanged: 
 Data sizes:     COMRAM   BANK0   BANK1   BANK2   BANK3   BANK4   BANK5   BANK6   BANK7
      Params:         0       0       0       0       0       0       0       0       0
      Locals:         1       0       0       0       0       0       0       0       0
      Temps:          1       0       0       0       0       0       0       0       0
      Totals:         2       0       0       0       0       0       0       0       0
Total ram usage:        2 bytes
 Hardware stack levels used:    1
 This function calls:
		Nothing
 This function is called by:
		_c_wait_keypad
 This function uses a non-reentrant model


 *************** function ___awdiv *****************
 Defined at:
		line 10 in file "C:\Program Files (x86)\Microchip\xc8\v1.12\sources\awdiv.c"
 Parameters:    Size  Location     Type
  dividend        2    0[COMRAM] int 
  divisor         2    2[COMRAM] int 
 Auto vars:     Size  Location     Type
  quotient        2    7[COMRAM] int 
  sign            1    6[COMRAM] unsigned char 
  counter         1    5[COMRAM] unsigned char 
 Return value:  Size  Location     Type
                  2    0[COMRAM] int 
 Registers used:
		wreg, status,2, status,0
 Tracked objects:
		On entry : 
		On exit  : 
		Unchanged: 
 Data sizes:     COMRAM   BANK0   BANK1   BANK2   BANK3   BANK4   BANK5   BANK6   BANK7
      Params:         4       0       0       0       0       0       0       0       0
      Locals:         4       0       0       0       0       0       0       0       0
      Temps:          1       0       0       0       0       0       0       0       0
      Totals:         9       0       0       0       0       0       0       0       0
Total ram usage:        9 bytes
 Hardware stack levels used:    1
 This function calls:
		Nothing
 This function is called by:
		_seg7_com_dis
		_lcd_float
 This function uses a non-reentrant model


 *************** function ___awmod *****************
 Defined at:
		line 10 in file "C:\Program Files (x86)\Microchip\xc8\v1.12\sources\awmod.c"
 Parameters:    Size  Location     Type
  dividend        2    0[COMRAM] int 
  divisor         2    2[COMRAM] int 
 Auto vars:     Size  Location     Type
  sign            1    6[COMRAM] unsigned char 
  counter         1    5[COMRAM] unsigned char 
 Return value:  Size  Location     Type
                  2    0[COMRAM] int 
 Registers used:
		wreg, status,2, status,0
 Tracked objects:
		On entry : 
		On exit  : 
		Unchanged: 
 Data sizes:     COMRAM   BANK0   BANK1   BANK2   BANK3   BANK4   BANK5   BANK6   BANK7
      Params:         4       0       0       0       0       0       0       0       0
      Locals:         2       0       0       0       0       0       0       0       0
      Temps:          1       0       0       0       0       0       0       0       0
      Totals:         7       0       0       0       0       0       0       0       0
Total ram usage:        7 bytes
 Hardware stack levels used:    1
 This function calls:
		Nothing
 This function is called by:
		_seg7_com_dis
		_lcd_float
 This function uses a non-reentrant model



MODULE INFORMATION

Module		Function		Class		Link	Load	Size
src/adc.c
		_adc_initialize		CODE           	0D1E	0000	30

src/adc.c estimated size: 30

src/keypad.c
		_c_wait_keypad 		CODE           	0CBC	0000	50
		_c_read_keypad 		CODE           	0806	0000	400

src/keypad.c estimated size: 450

shared
		__stringdata   		SMALLCONST     	0800	0000	5
		__initializatio		CODE           	0D5A	0000	12

shared estimated size: 17

C:\Program Files (x86)\Microchip\xc8\v1.12\sources\awmod.c
		___awmod       		CODE           	0A52	0000	168

C:\Program Files (x86)\Microchip\xc8\v1.12\sources\awmod.c estimated size: 168

src/seg7.c
		_seg7_1_dis    		CODE           	0D74	0000	26
		_seg7_initializ		CODE           	0D3C	0000	30
		_seg7_com_dis  		CODE           	0C2A	0000	92
		_seg7_2_dis    		CODE           	0D8E	0000	26

src/seg7.c estimated size: 174

C:\Program Files (x86)\Microchip\xc8\v1.12\sources\awdiv.c
		___awdiv       		CODE           	0996	0000	188

C:\Program Files (x86)\Microchip\xc8\v1.12\sources\awdiv.c estimated size: 188

src/18F_Main_E_5.c
		_beep          		CODE           	0CEE	0000	48
		_main          		CODE           	0BCC	0000	94
		_delay_ms      		CODE           	0C86	0000	54

src/18F_Main_E_5.c estimated size: 196

src/lcd.c
		_set_lcd_e     		CODE           	0DBE	0000	12
		_set_lcd_rs    		CODE           	0DCA	0000	12
		_set_lcd_data  		CODE           	0DD6	0000	6
		_lcd_initialize		CODE           	0AFA	0000	112
		_lcd_clear     		CODE           	0DA8	0000	22
		_send_lcd_data 		CODE           	0B6A	0000	98

src/lcd.c estimated size: 262

