Microchip MPLAB XC8 Compiler V1.12 ()

Linker command line:

--edf=C:\Program Files (x86)\Microchip\xc8\v1.12\dat\en_msgs.txt -cs \
  -h+dist/18F4550/production\PTK40A_18F_Exam_7.production.sym -z -Q18F4550 \
  -ol.obj -Mdist/18F4550/production/PTK40A_18F_Exam_7.production.map -E1 \
  -ver=XC8 -ACODE=00h-07FFFh -ACONST=00h-07FFFh \
  -ASMALLCONST=0800h-08FFhx120 -AMEDIUMCONST=0800h-07FFFh -ACOMRAM=01h-05Fh \
  -AABS1=00h-07FFh -ABIGRAM=01h-07FFh -ARAM=060h-0FFh,0100h-01FFhx7 \
  -ABANK0=060h-0FFh -ABANK1=0100h-01FFh -ABANK2=0200h-02FFh \
  -ABANK3=0300h-03FFh -ABANK4=0400h-04FFh -ABANK5=0500h-05FFh \
  -ABANK6=0600h-06FFh -ABANK7=0700h-07FFh -ASFR=0F60h-0FFFh \
  -preset_vec=00h,intcode,intcodelo,powerup,init,end_init -pramtop=0800h \
  -psmallconst=SMALLCONST -pmediumconst=MEDIUMCONST -pconst=CONST \
  -AFARRAM=00h-00h -ACONFIG=0300000h-030000Dh -pconfig=CONFIG \
  -AIDLOC=0200000h-0200007h -pidloc=IDLOC -AEEDATA=0F00000h-0F000FFh \
  -peeprom_data=EEDATA \
  -prdata=COMRAM,nvrram=COMRAM,nvbit=COMRAM,rbss=COMRAM,rbit=COMRAM \
  -pfarbss=FARRAM,fardata=FARRAM \
  -pintsave_regs=BIGRAM,bigbss=BIGRAM,bigdata=BIGRAM -pbss=RAM \
  -pidata=CODE,irdata=CODE,ibigdata=CODE,ifardata=CODE \
  C:\Users\Ober\AppData\Local\Temp\s8u0.obj \
  dist/18F4550/production\PTK40A_18F_Exam_7.production.obj 

Object code version is 3.10

Machine type is 18F4550

Call graph: (short form)




                Name                               Link     Load   Length Selector   Space Scale
C:\Users\Ober\AppData\Local\Temp\s8u0.obj
                end_init                              0        0        4        0       0
                idloc                            200000   200000        8   200000       0
                config                           300000   300000        E   300000       0
dist/18F4550/production\PTK40A_18F_Exam_7.production.obj
                text12                             7D6A     7D6A       6C     3EB5       0
                text11                             7DD6     7DD6       A8     3EEB       0
                text10                             7E7E     7E7E       BC     3F3F       0
                text9                              7CD8     7CD8       36     3E6C       0
                text8                              7CA8     7CA8       30     3E54       0
                text7                              7C1A     7C1A       1A     3E0D       0
                text6                              7C34     7C34       1A     3E1A       0
                text5                              7D0E     7D0E       5C     3E87       0
                text4                              7C4E     7C4E       1E     3E27       0
                text3                              7C6C     7C6C       1E     3E36       0
                text2                              7C10     7C10        4     3E08       0
                text1                              7C8A     7C8A       1E     3E45       0
                cstackCOMRAM                          1        1       10        1       1
                cinit                              7C14     7C14        6     3E0A       0
                text0                              7F3A     7F3A       C6     3F9D       0

TOTAL           Name                               Link     Load   Length     Space
        CLASS   CODE           
                end_init                              0        0        4         0
                text12                             7D6A     7D6A       6C         0
                text11                             7DD6     7DD6       A8         0
                text10                             7E7E     7E7E       BC         0
                text9                              7CD8     7CD8       36         0
                text8                              7CA8     7CA8       30         0
                text7                              7C1A     7C1A       1A         0
                text6                              7C34     7C34       1A         0
                text5                              7D0E     7D0E       5C         0
                text4                              7C4E     7C4E       1E         0
                text3                              7C6C     7C6C       1E         0
                text2                              7C10     7C10        4         0
                text1                              7C8A     7C8A       1E         0
                cinit                              7C14     7C14        6         0
                text0                              7F3A     7F3A       C6         0

        CLASS   CONST          

        CLASS   SMALLCONST     

        CLASS   MEDIUMCONST    

        CLASS   COMRAM         
                cstackCOMRAM                          1        1       10         1

        CLASS   ABS1           

        CLASS   BIGRAM         

        CLASS   RAM            

        CLASS   BANK0          

        CLASS   BANK1          

        CLASS   BANK2          

        CLASS   BANK3          

        CLASS   BANK4          

        CLASS   BANK5          

        CLASS   BANK6          

        CLASS   BANK7          

        CLASS   SFR            

        CLASS   FARRAM         

        CLASS   CONFIG         
                config                           300000   300000        E         0

        CLASS   IDLOC          
                idloc                            200000   200000        8         0

        CLASS   EEDATA         



SEGMENTS        Name                           Load    Length   Top    Selector   Space  Class

                reset_vec                      000000  000004  000004         0       0  CODE    
                cstackCOMRAM                   000001  000010  000011         1       1  COMRAM  
                text2                          007C10  000004  007C14      3E08       0  CODE    
                cinit                          007C14  000006  007C1A      3E0A       0  CODE    
                text7                          007C1A  00001A  007C34      3E0D       0  CODE    
                text6                          007C34  00001A  007C4E      3E1A       0  CODE    
                text4                          007C4E  00001E  007C6C      3E27       0  CODE    
                text3                          007C6C  00001E  007C8A      3E36       0  CODE    
                text1                          007C8A  00001E  007CA8      3E45       0  CODE    
                text8                          007CA8  000030  007CD8      3E54       0  CODE    
                text9                          007CD8  000036  007D0E      3E6C       0  CODE    
                text5                          007D0E  00005C  007D6A      3E87       0  CODE    
                text12                         007D6A  00006C  007DD6      3EB5       0  CODE    
                text11                         007DD6  0000A8  007E7E      3EEB       0  CODE    
                text10                         007E7E  0000BC  007F3A      3F3F       0  CODE    
                text0                          007F3A  0000C6  008000      3F9D       0  CODE    
                idloc                          200000  000008  200008    200000       0  IDLOC   
                config                         300000  00000E  30000E    300000       0  CONFIG  


UNUSED ADDRESS RANGES

        Name                Unused          Largest block    Delta
        BANK0            000060-0000FF               A0
        BANK1            000100-0001FF              100
        BANK2            000200-0002FF              100
        BANK3            000300-0003FF              100
        BANK4            000400-0004FF              100
        BANK5            000500-0005FF              100
        BANK6            000600-0006FF              100
        BANK7            000700-0007FF              100
        BIGRAM           000011-0007FF              7EF
        CODE             000004-007C0F             7C0C
        COMRAM           000011-00005F               4F
        CONST            000004-007C0F             7C0C
        EEDATA           F00000-F000FF              100
        MEDIUMCONST      000800-007C0F             7410
        RAM              000060-0007FF              100
        SFR              000F60-000FFF               A0
        SMALLCONST       000800-007C0F              100

                                  Symbol Table

?___awdiv                 cstackCOMRAM 000001
?___awmod                 cstackCOMRAM 000001
?___lwdiv                 cstackCOMRAM 000001
?_beep                    cstackCOMRAM 000004
?_delay_ms                cstackCOMRAM 000001
?_seg7_1_dis              cstackCOMRAM 000008
?_seg7_2_dis              cstackCOMRAM 00000A
?_seg7_com_dis            cstackCOMRAM 00000B
?_ui_adc_read             cstackCOMRAM 000001
_ACQT0                    (abs)        007E03
_ACQT1                    (abs)        007E04
_ACQT2                    (abs)        007E05
_ADCS0                    (abs)        007E00
_ADCS1                    (abs)        007E01
_ADCS2                    (abs)        007E02
_ADFM                     (abs)        007E07
_ADON                     (abs)        007E10
_ADRES                    (abs)        000FC3
_CHS0                     (abs)        007E12
_CHS1                     (abs)        007E13
_CHS2                     (abs)        007E14
_CHS3                     (abs)        007E15
_DONE                     (abs)        007E11
_GO                       (abs)        007E11
_LATD                     (abs)        000F8C
_LC2                      (abs)        007C5A
_LE0                      (abs)        007C68
_LE1                      (abs)        007C69
_PCFG0                    (abs)        007E08
_PCFG1                    (abs)        007E09
_PCFG2                    (abs)        007E0A
_PCFG3                    (abs)        007E0B
_PORTA                    (abs)        000F80
_PORTB                    (abs)        000F81
_PORTC                    (abs)        000F82
_PORTD                    (abs)        000F83
_PORTE                    (abs)        000F84
_TRISA                    (abs)        000F92
_TRISB                    (abs)        000F93
_TRISC                    (abs)        000F94
_TRISD                    (abs)        000F95
_TRISE                    (abs)        000F96
_VCFG0                    (abs)        007E0C
_VCFG1                    (abs)        007E0D
__CFG_BOR$OFF             (abs)        000000
__CFG_CCP2MX$ON           (abs)        000000
__CFG_CPUDIV$OSC1_PLL2    (abs)        000000
__CFG_DEBUG$OFF           (abs)        000000
__CFG_FCMEN$ON            (abs)        000000
__CFG_FOSC$HSPLL_HS       (abs)        000000
__CFG_IESO$ON             (abs)        000000
__CFG_LPT1OSC$OFF         (abs)        000000
__CFG_LVP$OFF             (abs)        000000
__CFG_MCLRE$ON            (abs)        000000
__CFG_PBADEN$ON           (abs)        000000
__CFG_PLLDIV$5            (abs)        000000
__CFG_PWRT$ON             (abs)        000000
__CFG_STVREN$ON           (abs)        000000
__CFG_USBDIV$2            (abs)        000000
__CFG_VREGEN$ON           (abs)        000000
__CFG_WDT$OFF             (abs)        000000
__CFG_WRTB$ON             (abs)        000000
__CFG_XINST$OFF           (abs)        000000
__HRAM                    (abs)        000000
__Habs1                   abs1         000000
__Hbank0                  bank0        000000
__Hbank1                  bank1        000000
__Hbank2                  bank2        000000
__Hbank3                  bank3        000000
__Hbank4                  bank4        000000
__Hbank5                  bank5        000000
__Hbank6                  bank6        000000
__Hbank7                  bank7        000000
__Hbigbss                 bigbss       000000
__Hbigdata                bigdata      000000
__Hbigram                 bigram       000000
__Hbss                    bss          000000
__Hcinit                  cinit        000000
__Hclrtext                clrtext      000000
__Hcomram                 comram       000000
__Hconfig                 config       30000E
__Hconst                  const        000000
__HcstackCOMRAM           cstackCOMRAM 000000
__Hdata                   data         000000
__Heeprom_data            eeprom_data  000000
__Hend_init               end_init     000004
__Hfarbss                 farbss       000000
__Hfardata                fardata      000000
__Hibigdata               ibigdata     000000
__Hidata                  idata        000000
__Hidloc                  idloc        200008
__Hifardata               ifardata     000000
__Hinit                   init         000000
__Hintcode                intcode      000000
__Hintcode_body           intcode_body 000000
__Hintcodelo              intcodelo    000000
__Hintentry               intentry     000000
__Hintret                 intret       000000
__Hintsave_regs           intsave_regs 000000
__Hirdata                 irdata       000000
__Hmediumconst            mediumconst  000000
__Hnvbit                  nvbit        000000
__Hnvrram                 nvrram       000000
__Hparam                  rparam       000000
__Hpowerup                powerup      000000
__Hram                    ram          000000
__Hramtop                 ramtop       000800
__Hrbit                   rbit         000000
__Hrbss                   rbss         000000
__Hrdata                  rdata        000000
__Hreset_vec              reset_vec    000000
__Hrparam                 rparam       000000
__Hsfr                    sfr          000000
__Hsmallconst             smallconst   000000
__Hstruct                 struct       000000
__Htemp                   temp         000000
__Htext                   text         000000
__Htext0                  text0        000000
__Htext1                  text1        000000
__Htext10                 text10       000000
__Htext11                 text11       000000
__Htext12                 text12       000000
__Htext13                 text13       000000
__Htext2                  text2        000000
__Htext3                  text3        000000
__Htext4                  text4        000000
__Htext5                  text5        000000
__Htext6                  text6        000000
__Htext7                  text7        000000
__Htext8                  text8        000000
__Htext9                  text9        000000
__LRAM                    (abs)        000001
__Labs1                   abs1         000000
__Lbank0                  bank0        000000
__Lbank1                  bank1        000000
__Lbank2                  bank2        000000
__Lbank3                  bank3        000000
__Lbank4                  bank4        000000
__Lbank5                  bank5        000000
__Lbank6                  bank6        000000
__Lbank7                  bank7        000000
__Lbigbss                 bigbss       000000
__Lbigdata                bigdata      000000
__Lbigram                 bigram       000000
__Lbss                    bss          000000
__Lcinit                  cinit        000000
__Lclrtext                clrtext      000000
__Lcomram                 comram       000000
__Lconfig                 config       300000
__Lconst                  const        000000
__LcstackCOMRAM           cstackCOMRAM 000000
__Ldata                   data         000000
__Leeprom_data            eeprom_data  000000
__Lend_init               end_init     000000
__Lfarbss                 farbss       000000
__Lfardata                fardata      000000
__Libigdata               ibigdata     000000
__Lidata                  idata        000000
__Lidloc                  idloc        200000
__Lifardata               ifardata     000000
__Linit                   init         000000
__Lintcode                intcode      000000
__Lintcode_body           intcode_body 000000
__Lintcodelo              intcodelo    000000
__Lintentry               intentry     000000
__Lintret                 intret       000000
__Lintsave_regs           intsave_regs 000000
__Lirdata                 irdata       000000
__Lmediumconst            mediumconst  000000
__Lnvbit                  nvbit        000000
__Lnvrram                 nvrram       000000
__Lparam                  rparam       000000
__Lpowerup                powerup      000000
__Lram                    ram          000000
__Lramtop                 ramtop       000800
__Lrbit                   rbit         000000
__Lrbss                   rbss         000000
__Lrdata                  rdata        000000
__Lreset_vec              reset_vec    000000
__Lrparam                 rparam       000000
__Lsfr                    sfr          000000
__Lsmallconst             smallconst   000000
__Lstruct                 struct       000000
__Ltemp                   temp         000000
__Ltext                   text         000000
__Ltext0                  text0        000000
__Ltext1                  text1        000000
__Ltext10                 text10       000000
__Ltext11                 text11       000000
__Ltext12                 text12       000000
__Ltext13                 text13       000000
__Ltext2                  text2        000000
__Ltext3                  text3        000000
__Ltext4                  text4        000000
__Ltext5                  text5        000000
__Ltext6                  text6        000000
__Ltext7                  text7        000000
__Ltext8                  text8        000000
__Ltext9                  text9        000000
__S0                      (abs)        30000E
__S1                      (abs)        000011
___awdiv                  text10       007E7E
___awdiv@counter          cstackCOMRAM 000006
___awdiv@dividend         cstackCOMRAM 000001
___awdiv@divisor          cstackCOMRAM 000003
___awdiv@quotient         cstackCOMRAM 000008
___awdiv@sign             cstackCOMRAM 000007
___awmod                  text11       007DD6
___awmod@counter          cstackCOMRAM 000006
___awmod@dividend         cstackCOMRAM 000001
___awmod@divisor          cstackCOMRAM 000003
___awmod@sign             cstackCOMRAM 000007
___lwdiv                  text12       007D6A
___lwdiv@counter          cstackCOMRAM 000008
___lwdiv@dividend         cstackCOMRAM 000001
___lwdiv@divisor          cstackCOMRAM 000003
___lwdiv@quotient         cstackCOMRAM 000006
__accesstop               (abs)        000060
__activetblptr            (abs)        000000
__end_of___awdiv          text10       007F3A
__end_of___awmod          text11       007E7E
__end_of___lwdiv          text12       007DD6
__end_of__initialization  cinit        007C14
__end_of_adc_initialize   text1        007CA8
__end_of_adc_on           text2        007C14
__end_of_beep             text8        007CD8
__end_of_delay_ms         text9        007D0E
__end_of_main             text0        008000
__end_of_seg7_1_dis       text6        007C4E
__end_of_seg7_2_dis       text7        007C34
__end_of_seg7_com_dis     text5        007D6A
__end_of_seg7_initialize  text4        007C6C
__end_of_ui_adc_read      text3        007C8A
__initialization          cinit        007C14
__mediumconst             mediumconst  000000
__pcinit                  cinit        007C14
__pcstackCOMRAM           cstackCOMRAM 000001
__ptext0                  text0        007F3A
__ptext1                  text1        007C8A
__ptext10                 text10       007E7E
__ptext11                 text11       007DD6
__ptext12                 text12       007D6A
__ptext13                 text13       000000
__ptext2                  text2        007C10
__ptext3                  text3        007C6C
__ptext4                  text4        007C4E
__ptext5                  text5        007D0E
__ptext6                  text6        007C34
__ptext7                  text7        007C1A
__ptext8                  text8        007CA8
__ptext9                  text9        007CD8
__ramtop                  ramtop       000800
__size_of___awdiv         (abs)        000000
__size_of___awmod         (abs)        000000
__size_of___lwdiv         (abs)        000000
__size_of_adc_initialize  (abs)        000000
__size_of_adc_on          (abs)        000000
__size_of_beep            (abs)        000000
__size_of_delay_ms        (abs)        000000
__size_of_main            (abs)        000000
__size_of_seg7_1_dis      (abs)        000000
__size_of_seg7_2_dis      (abs)        000000
__size_of_seg7_com_dis    (abs)        000000
__size_of_seg7_initialize (abs)        000000
__size_of_ui_adc_read     (abs)        000000
__smallconst              smallconst   000000
_adc_initialize           text1        007C8A
_adc_on                   text2        007C10
_beep                     text8        007CA8
_delay_ms                 text9        007CD8
_main                     text0        007F3A
_seg7_1_dis               text6        007C34
_seg7_2_dis               text7        007C1A
_seg7_com_dis             text5        007D0E
_seg7_initialize          text4        007C4E
_ui_adc_read              text3        007C6C
beep@uc_count             cstackCOMRAM 000004
delay_ms@ui_millisecond   cstackCOMRAM 000001
end_of_initialization     cinit        007C14
intlevel0                 text         000000
intlevel1                 text         000000
intlevel2                 text         000000
intlevel3                 text         000000
main@i                    cstackCOMRAM 00000E
main@temperature          cstackCOMRAM 00000F
seg7_1_dis@uc_number      cstackCOMRAM 000008
seg7_2_dis@uc_number      cstackCOMRAM 00000A
seg7_com_dis@uc_number    cstackCOMRAM 00000B
start                     init         000000
start_initialization      cinit        007C14


FUNCTION INFORMATION:

 *************** function _main *****************
 Defined at:
		line 92 in file "src/18F_Main_E_7.c"
 Parameters:    Size  Location     Type
		None
 Auto vars:     Size  Location     Type
  temperature     2   14[COMRAM] unsigned int 
  i               1   13[COMRAM] unsigned char 
 Return value:  Size  Location     Type
                  2  117[COMRAM] int 
 Registers used:
		wreg, status,2, status,0, cstack
 Tracked objects:
		On entry : 
		On exit  : 
		Unchanged: 
 Data sizes:     COMRAM   BANK0   BANK1   BANK2   BANK3   BANK4   BANK5   BANK6   BANK7
      Params:         0       0       0       0       0       0       0       0       0
      Locals:         3       0       0       0       0       0       0       0       0
      Temps:          1       0       0       0       0       0       0       0       0
      Totals:         4       0       0       0       0       0       0       0       0
Total ram usage:        4 bytes
 Hardware stack levels required when called:    2
 This function calls:
		_adc_initialize
		_seg7_initialize
		_beep
		_adc_on
		_ui_adc_read
		___lwdiv
		_seg7_com_dis
 This function is called by:
		Startup code after reset
 This function uses a non-reentrant model


 *************** function _adc_initialize *****************
 Defined at:
		line 26 in file "src/adc.c"
 Parameters:    Size  Location     Type
		None
 Auto vars:     Size  Location     Type
		None
 Return value:  Size  Location     Type
		None               void
 Registers used:
		None
 Tracked objects:
		On entry : 
		On exit  : 
		Unchanged: 
 Data sizes:     COMRAM   BANK0   BANK1   BANK2   BANK3   BANK4   BANK5   BANK6   BANK7
      Params:         0       0       0       0       0       0       0       0       0
      Locals:         0       0       0       0       0       0       0       0       0
      Temps:          0       0       0       0       0       0       0       0       0
      Totals:         0       0       0       0       0       0       0       0       0
Total ram usage:        0 bytes
 Hardware stack levels used:    1
 This function calls:
		Nothing
 This function is called by:
		_main
 This function uses a non-reentrant model


 *************** function _adc_on *****************
 Defined at:
		line 79 in file "src/adc.c"
 Parameters:    Size  Location     Type
		None
 Auto vars:     Size  Location     Type
		None
 Return value:  Size  Location     Type
		None               void
 Registers used:
		None
 Tracked objects:
		On entry : 
		On exit  : 
		Unchanged: 
 Data sizes:     COMRAM   BANK0   BANK1   BANK2   BANK3   BANK4   BANK5   BANK6   BANK7
      Params:         0       0       0       0       0       0       0       0       0
      Locals:         0       0       0       0       0       0       0       0       0
      Temps:          0       0       0       0       0       0       0       0       0
      Totals:         0       0       0       0       0       0       0       0       0
Total ram usage:        0 bytes
 Hardware stack levels used:    1
 This function calls:
		Nothing
 This function is called by:
		_main
 This function uses a non-reentrant model


 *************** function _ui_adc_read *****************
 Defined at:
		line 122 in file "src/adc.c"
 Parameters:    Size  Location     Type
		None
 Auto vars:     Size  Location     Type
		None
 Return value:  Size  Location     Type
                  2    0[COMRAM] unsigned int 
 Registers used:
		None
 Tracked objects:
		On entry : 
		On exit  : 
		Unchanged: 
 Data sizes:     COMRAM   BANK0   BANK1   BANK2   BANK3   BANK4   BANK5   BANK6   BANK7
      Params:         2       0       0       0       0       0       0       0       0
      Locals:         0       0       0       0       0       0       0       0       0
      Temps:          0       0       0       0       0       0       0       0       0
      Totals:         2       0       0       0       0       0       0       0       0
Total ram usage:        2 bytes
 Hardware stack levels used:    1
 This function calls:
		Nothing
 This function is called by:
		_main
 This function uses a non-reentrant model


 *************** function _seg7_initialize *****************
 Defined at:
		line 50 in file "src/seg7.c"
 Parameters:    Size  Location     Type
		None
 Auto vars:     Size  Location     Type
		None
 Return value:  Size  Location     Type
		None               void
 Registers used:
		wreg, status,2, status,0
 Tracked objects:
		On entry : 
		On exit  : 
		Unchanged: 
 Data sizes:     COMRAM   BANK0   BANK1   BANK2   BANK3   BANK4   BANK5   BANK6   BANK7
      Params:         0       0       0       0       0       0       0       0       0
      Locals:         0       0       0       0       0       0       0       0       0
      Temps:          0       0       0       0       0       0       0       0       0
      Totals:         0       0       0       0       0       0       0       0       0
Total ram usage:        0 bytes
 Hardware stack levels used:    1
 This function calls:
		Nothing
 This function is called by:
		_main
 This function uses a non-reentrant model


 *************** function _seg7_com_dis *****************
 Defined at:
		line 125 in file "src/seg7.c"
 Parameters:    Size  Location     Type
  uc_number       1   10[COMRAM] unsigned char 
 Auto vars:     Size  Location     Type
		None
 Return value:  Size  Location     Type
		None               void
 Registers used:
		wreg, status,2, status,0, cstack
 Tracked objects:
		On entry : 
		On exit  : 
		Unchanged: 
 Data sizes:     COMRAM   BANK0   BANK1   BANK2   BANK3   BANK4   BANK5   BANK6   BANK7
      Params:         1       0       0       0       0       0       0       0       0
      Locals:         0       0       0       0       0       0       0       0       0
      Temps:          1       0       0       0       0       0       0       0       0
      Totals:         2       0       0       0       0       0       0       0       0
Total ram usage:        2 bytes
 Hardware stack levels used:    1
 Hardware stack levels required when called:    1
 This function calls:
		_seg7_1_dis
		_seg7_2_dis
		___awmod
		___awdiv
 This function is called by:
		_main
 This function uses a non-reentrant model


 *************** function _seg7_1_dis *****************
 Defined at:
		line 77 in file "src/seg7.c"
 Parameters:    Size  Location     Type
  uc_number       1    7[COMRAM] unsigned char 
 Auto vars:     Size  Location     Type
		None
 Return value:  Size  Location     Type
		None               void
 Registers used:
		wreg, status,2, status,0
 Tracked objects:
		On entry : 
		On exit  : 
		Unchanged: 
 Data sizes:     COMRAM   BANK0   BANK1   BANK2   BANK3   BANK4   BANK5   BANK6   BANK7
      Params:         1       0       0       0       0       0       0       0       0
      Locals:         0       0       0       0       0       0       0       0       0
      Temps:          0       0       0       0       0       0       0       0       0
      Totals:         1       0       0       0       0       0       0       0       0
Total ram usage:        1 bytes
 Hardware stack levels used:    1
 This function calls:
		Nothing
 This function is called by:
		_seg7_com_dis
 This function uses a non-reentrant model


 *************** function _seg7_2_dis *****************
 Defined at:
		line 101 in file "src/seg7.c"
 Parameters:    Size  Location     Type
  uc_number       1    9[COMRAM] unsigned char 
 Auto vars:     Size  Location     Type
		None
 Return value:  Size  Location     Type
		None               void
 Registers used:
		wreg, status,2, status,0
 Tracked objects:
		On entry : 
		On exit  : 
		Unchanged: 
 Data sizes:     COMRAM   BANK0   BANK1   BANK2   BANK3   BANK4   BANK5   BANK6   BANK7
      Params:         1       0       0       0       0       0       0       0       0
      Locals:         0       0       0       0       0       0       0       0       0
      Temps:          0       0       0       0       0       0       0       0       0
      Totals:         1       0       0       0       0       0       0       0       0
Total ram usage:        1 bytes
 Hardware stack levels used:    1
 This function calls:
		Nothing
 This function is called by:
		_seg7_com_dis
 This function uses a non-reentrant model


 *************** function _beep *****************
 Defined at:
		line 203 in file "src/18F_Main_E_7.c"
 Parameters:    Size  Location     Type
  uc_count        1    3[COMRAM] unsigned char 
 Auto vars:     Size  Location     Type
		None
 Return value:  Size  Location     Type
		None               void
 Registers used:
		wreg, status,2, status,0, cstack
 Tracked objects:
		On entry : 
		On exit  : 
		Unchanged: 
 Data sizes:     COMRAM   BANK0   BANK1   BANK2   BANK3   BANK4   BANK5   BANK6   BANK7
      Params:         1       0       0       0       0       0       0       0       0
      Locals:         0       0       0       0       0       0       0       0       0
      Temps:          0       0       0       0       0       0       0       0       0
      Totals:         1       0       0       0       0       0       0       0       0
Total ram usage:        1 bytes
 Hardware stack levels used:    1
 Hardware stack levels required when called:    1
 This function calls:
		_delay_ms
 This function is called by:
		_main
 This function uses a non-reentrant model


 *************** function _delay_ms *****************
 Defined at:
		line 181 in file "src/18F_Main_E_7.c"
 Parameters:    Size  Location     Type
  ui_milliseco    2    0[COMRAM] unsigned int 
 Auto vars:     Size  Location     Type
		None
 Return value:  Size  Location     Type
		None               void
 Registers used:
		wreg, status,2, status,0
 Tracked objects:
		On entry : 
		On exit  : 
		Unchanged: 
 Data sizes:     COMRAM   BANK0   BANK1   BANK2   BANK3   BANK4   BANK5   BANK6   BANK7
      Params:         2       0       0       0       0       0       0       0       0
      Locals:         0       0       0       0       0       0       0       0       0
      Temps:          1       0       0       0       0       0       0       0       0
      Totals:         3       0       0       0       0       0       0       0       0
Total ram usage:        3 bytes
 Hardware stack levels used:    1
 This function calls:
		Nothing
 This function is called by:
		_beep
 This function uses a non-reentrant model


 *************** function ___awdiv *****************
 Defined at:
		line 10 in file "C:\Program Files (x86)\Microchip\xc8\v1.12\sources\awdiv.c"
 Parameters:    Size  Location     Type
  dividend        2    0[COMRAM] int 
  divisor         2    2[COMRAM] int 
 Auto vars:     Size  Location     Type
  quotient        2    7[COMRAM] int 
  sign            1    6[COMRAM] unsigned char 
  counter         1    5[COMRAM] unsigned char 
 Return value:  Size  Location     Type
                  2    0[COMRAM] int 
 Registers used:
		wreg, status,2, status,0
 Tracked objects:
		On entry : 
		On exit  : 
		Unchanged: 
 Data sizes:     COMRAM   BANK0   BANK1   BANK2   BANK3   BANK4   BANK5   BANK6   BANK7
      Params:         4       0       0       0       0       0       0       0       0
      Locals:         4       0       0       0       0       0       0       0       0
      Temps:          1       0       0       0       0       0       0       0       0
      Totals:         9       0       0       0       0       0       0       0       0
Total ram usage:        9 bytes
 Hardware stack levels used:    1
 This function calls:
		Nothing
 This function is called by:
		_seg7_com_dis
 This function uses a non-reentrant model


 *************** function ___awmod *****************
 Defined at:
		line 10 in file "C:\Program Files (x86)\Microchip\xc8\v1.12\sources\awmod.c"
 Parameters:    Size  Location     Type
  dividend        2    0[COMRAM] int 
  divisor         2    2[COMRAM] int 
 Auto vars:     Size  Location     Type
  sign            1    6[COMRAM] unsigned char 
  counter         1    5[COMRAM] unsigned char 
 Return value:  Size  Location     Type
                  2    0[COMRAM] int 
 Registers used:
		wreg, status,2, status,0
 Tracked objects:
		On entry : 
		On exit  : 
		Unchanged: 
 Data sizes:     COMRAM   BANK0   BANK1   BANK2   BANK3   BANK4   BANK5   BANK6   BANK7
      Params:         4       0       0       0       0       0       0       0       0
      Locals:         2       0       0       0       0       0       0       0       0
      Temps:          1       0       0       0       0       0       0       0       0
      Totals:         7       0       0       0       0       0       0       0       0
Total ram usage:        7 bytes
 Hardware stack levels used:    1
 This function calls:
		Nothing
 This function is called by:
		_seg7_com_dis
 This function uses a non-reentrant model


 *************** function ___lwdiv *****************
 Defined at:
		line 10 in file "C:\Program Files (x86)\Microchip\xc8\v1.12\sources\lwdiv.c"
 Parameters:    Size  Location     Type
  dividend        2    0[COMRAM] unsigned int 
  divisor         2    2[COMRAM] unsigned int 
 Auto vars:     Size  Location     Type
  quotient        2    5[COMRAM] unsigned int 
  counter         1    7[COMRAM] unsigned char 
 Return value:  Size  Location     Type
                  2    0[COMRAM] unsigned int 
 Registers used:
		wreg, status,2, status,0
 Tracked objects:
		On entry : 
		On exit  : 
		Unchanged: 
 Data sizes:     COMRAM   BANK0   BANK1   BANK2   BANK3   BANK4   BANK5   BANK6   BANK7
      Params:         4       0       0       0       0       0       0       0       0
      Locals:         3       0       0       0       0       0       0       0       0
      Temps:          1       0       0       0       0       0       0       0       0
      Totals:         8       0       0       0       0       0       0       0       0
Total ram usage:        8 bytes
 Hardware stack levels used:    1
 This function calls:
		Nothing
 This function is called by:
		_main
 This function uses a non-reentrant model



MODULE INFORMATION

Module		Function		Class		Link	Load	Size
src/adc.c
		_adc_initialize		CODE           	7C8A	0000	30
		_adc_on        		CODE           	7C10	0000	4
		_ui_adc_read   		CODE           	7C6C	0000	30

src/adc.c estimated size: 64

shared
		__initializatio		CODE           	7C14	0000	0

shared estimated size: 0

C:\Program Files (x86)\Microchip\xc8\v1.12\sources\awmod.c
		___awmod       		CODE           	7DD6	0000	168

C:\Program Files (x86)\Microchip\xc8\v1.12\sources\awmod.c estimated size: 168

src/seg7.c
		_seg7_1_dis    		CODE           	7C34	0000	26
		_seg7_initializ		CODE           	7C4E	0000	30
		_seg7_com_dis  		CODE           	7D0E	0000	92
		_seg7_2_dis    		CODE           	7C1A	0000	26

src/seg7.c estimated size: 174

C:\Program Files (x86)\Microchip\xc8\v1.12\sources\awdiv.c
		___awdiv       		CODE           	7E7E	0000	188

C:\Program Files (x86)\Microchip\xc8\v1.12\sources\awdiv.c estimated size: 188

C:\Program Files (x86)\Microchip\xc8\v1.12\sources\lwdiv.c
		___lwdiv       		CODE           	7D6A	0000	108

C:\Program Files (x86)\Microchip\xc8\v1.12\sources\lwdiv.c estimated size: 108

src/18F_Main_E_7.c
		_beep          		CODE           	7CA8	0000	48
		_main          		CODE           	7F3A	0000	198
		_delay_ms      		CODE           	7CD8	0000	54

src/18F_Main_E_7.c estimated size: 300

