HI-TECH Software C Compiler 

Linker command line:

--edf=C:\Program Files (x86)\HI-TECH Software\PICC\9.83\dat\en_msgs.txt -cs \
  -h+Example3.sym -z -Q16F877A -ol.obj -MExample3.map -E1 \
  -ACONST=00h-0FFhx32 -ACODE=00h-07FFhx4 -ASTRCODE=00h-01FFFh \
  -AENTRY=00h-0FFhx32 -ASTRING=00h-0FFhx32 -ABANK0=020h-06Fh \
  -ABANK1=0A0h-0EFh -ABANK2=0110h-016Fh -ABANK3=0190h-01EFh \
  -ARAM=020h-06Fh,0A0h-0EFh,0110h-016Fh,0190h-01EFh \
  -AABS1=020h-07Fh,0A0h-0EFh,0110h-016Fh,0190h-01EFh -ACOMMON=070h-07Fh \
  -ASFR0=00h-01Fh -ASFR1=080h-09Fh -ASFR2=0100h-010Fh -ASFR3=0180h-018Fh \
  -preset_vec=00h,intentry,init,end_init -ppowerup=CODE -pfunctab=CODE \
  -ACONFIG=02007h-02007h -pconfig=CONFIG -DCONFIG=2 -AIDLOC=02000h-02003h \
  -pidloc=IDLOC -DIDLOC=2 -AEEDATA=00h-0FFh/02100h -peeprom_data=EEDATA \
  -DEEDATA=2 -DCODE=2 -DSTRCODE=2 -DSTRING=2 -DCONST=2 -DENTRY=2 -k \
  startup.obj Example3.obj 

Object code version is 3.10

Machine type is 16F877A



                Name                               Link     Load   Length Selector   Space Scale
startup.obj     end_init                              0        0        3        0       0
Example3.obj    config                             2007     2007        1     400E       0
                text161                             5F8      5F8       12      BF0       0
                text160                             78C      78C       74      F18       0
                text159                             726      726       66      E4C       0
                text158                             638      638       18      C70       0
                text157                             650      650       1B      CA0       0
                text156                             60A      60A       17      C14       0
                text155                             621      621       17      C42       0
                text154                             66B      66B       25      CD6       0
                text153                             690      690       42      D20       0
                maintext                            6D2      6D2       54      DA4       0
                cstackCOMMON                         70       70        E       70       1
                cinit                               5F4      5F4        4      BE8       0

TOTAL           Name                               Link     Load   Length     Space
        CLASS   CONST          

        CLASS   CODE           
                end_init                              0        0        3         0
                text161                             5F8      5F8       12         0
                text160                             78C      78C       74         0
                text159                             726      726       66         0
                text158                             638      638       18         0
                text157                             650      650       1B         0
                text156                             60A      60A       17         0
                text155                             621      621       17         0
                text154                             66B      66B       25         0
                text153                             690      690       42         0
                maintext                            6D2      6D2       54         0
                cinit                               5F4      5F4        4         0

        CLASS   STRCODE        

        CLASS   ENTRY          

        CLASS   STRING         

        CLASS   BANK0          

        CLASS   BANK1          

        CLASS   BANK2          

        CLASS   BANK3          

        CLASS   RAM            

        CLASS   ABS1           
                abs_s1                               7E       7E        2         1

        CLASS   COMMON         
                cstackCOMMON                         70       70        E         1

        CLASS   SFR0           

        CLASS   SFR1           

        CLASS   SFR2           

        CLASS   SFR3           

        CLASS   CONFIG         
                config                             2007     2007        1         0

        CLASS   IDLOC          

        CLASS   EEDATA         



SEGMENTS        Name                           Load    Length   Top    Selector   Space  Class     Delta

                reset_vec                      000000  000003  000003         0       0  CODE        2
                cstackCOMMON                   000070  00000E  00007E        70       1  COMMON      1
                cinit                          0005F4  000004  0005F8       BE8       0  CODE        2
                text161                        0005F8  000012  00060A       BF0       0  CODE        2
                text156                        00060A  000017  000621       C14       0  CODE        2
                text155                        000621  000017  000638       C42       0  CODE        2
                text158                        000638  000018  000650       C70       0  CODE        2
                text157                        000650  00001B  00066B       CA0       0  CODE        2
                text154                        00066B  000025  000690       CD6       0  CODE        2
                text153                        000690  000042  0006D2       D20       0  CODE        2
                maintext                       0006D2  000054  000726       DA4       0  CODE        2
                text159                        000726  000066  00078C       E4C       0  CODE        2
                text160                        00078C  000074  000800       F18       0  CODE        2
                config                         002007  000001  002008      400E       0  CONFIG      2


UNUSED ADDRESS RANGES

        Name                Unused          Largest block    Delta
        BANK0            0020-006F             50           1
        BANK1            00A0-00EF             50           1
        BANK2            0110-016F             60           1
        BANK3            0190-01EF             60           1
        CODE             0003-05F3            5F1           2
                         0800-1FFF            800
        CONST            0003-05F3            100           2
                         0800-1FFF            100
        EEDATA           2100-21FF            100           2
        ENTRY            0003-05F3            100           2
                         0800-1FFF            100
        IDLOC            2000-2003              4           2
        RAM              0020-006F             50           1
                         00A0-00EF             50
                         0110-016F             60
                         0190-01EF             60
        SFR0             0000-001F             20           1
        SFR1             0080-009F             20           1
        SFR2             0100-010F             10           1
        SFR3             0180-018F             10           1
        STRCODE          0003-05F3            5F1           2
                         0800-1FFF           1800
        STRING           0003-05F3            100           2
                         0800-1FFF            100

                                  Symbol Table

??___awdiv                cstackCOMMON 0074
??___awmod                cstackCOMMON 0074
??_adc_initialize         cstackCOMMON 0070
??_beep                   cstackCOMMON 0074
??_delay_ms               cstackCOMMON 0072
??_main                   cstackCOMMON 007C
??_seg7_1_dis             cstackCOMMON 0070
??_seg7_2_dis             cstackCOMMON 0070
??_seg7_com_dis           cstackCOMMON 0079
??_seg7_initialize        cstackCOMMON 0070
?___awdiv                 cstackCOMMON 0070
?___awmod                 cstackCOMMON 0070
?_adc_initialize          cstackCOMMON 0070
?_beep                    cstackCOMMON 0070
?_delay_ms                cstackCOMMON 0070
?_main                    cstackCOMMON 0070
?_seg7_1_dis              cstackCOMMON 0070
?_seg7_2_dis              cstackCOMMON 0070
?_seg7_com_dis            cstackCOMMON 0070
?_seg7_initialize         cstackCOMMON 0070
_ADCS0                    (abs)        00FE
_ADCS1                    (abs)        00FF
_ADCS2                    (abs)        04FE
_ADFM                     (abs)        04FF
_ADON                     (abs)        00F8
_ADRESH                   (abs)        001E
_ADRESL                   (abs)        009E
_CARRY                    (abs)        0018
_CHS0                     (abs)        00FB
_CHS1                     (abs)        00FC
_CHS2                     (abs)        00FD
_EEADR                    (abs)        010D
_EECON1                   (abs)        018C
_EECON2                   (abs)        018D
_EEDATA                   (abs)        010C
_GIE                      (abs)        005F
_GO_DONE                  (abs)        00FA
_PCFG0                    (abs)        04F8
_PCFG1                    (abs)        04F9
_PCFG2                    (abs)        04FA
_PCFG3                    (abs)        04FB
_PORTA                    (abs)        0005
_PORTB                    (abs)        0006
_PORTC                    (abs)        0007
_PORTD                    (abs)        0008
_PORTE                    (abs)        0009
_RB0                      (abs)        0030
_RC2                      (abs)        003A
_RD                       (abs)        0C60
_RE0                      (abs)        0048
_RE1                      (abs)        0049
_TRISA                    (abs)        0085
_TRISB                    (abs)        0086
_TRISC                    (abs)        0087
_TRISD                    (abs)        0088
_TRISE                    (abs)        0089
_WR                       (abs)        0C61
_WREN                     (abs)        0C62
__Habs1                   abs1         0000
__Hbank0                  bank0        0000
__Hbank1                  bank1        0000
__Hbank2                  bank2        0000
__Hbank3                  bank3        0000
__Hcinit                  cinit        0000
__Hclrtext                clrtext      0000
__Hcode                   code         0000
__Hcommon                 common       0000
__Hconfig                 config       2008
__HcstackCOMMON           cstackCOMMON 0000
__Heeprom_data            eeprom_data  0000
__Hend_init               end_init     0003
__Hfunctab                functab      0000
__Hidloc                  idloc        0000
__Hinit                   init         0000
__Hintentry               intentry     0000
__Hmaintext               maintext     0000
__Hpowerup                powerup      0000
__Hram                    ram          0000
__Hreset_vec              reset_vec    0000
__Hsfr0                   sfr0         0000
__Hsfr1                   sfr1         0000
__Hsfr2                   sfr2         0000
__Hsfr3                   sfr3         0000
__Hstrings                strings      0000
__Htext                   text         0000
__Labs1                   abs1         0000
__Lbank0                  bank0        0000
__Lbank1                  bank1        0000
__Lbank2                  bank2        0000
__Lbank3                  bank3        0000
__Lcinit                  cinit        0000
__Lclrtext                clrtext      0000
__Lcode                   code         0000
__Lcommon                 common       0000
__Lconfig                 config       2007
__LcstackCOMMON           cstackCOMMON 0000
__Leeprom_data            eeprom_data  0000
__Lend_init               end_init     0000
__Lfunctab                functab      0000
__Lidloc                  idloc        0000
__Linit                   init         0000
__Lintentry               intentry     0000
__Lmaintext               maintext     0000
__Lpowerup                powerup      0000
__Lram                    ram          0000
__Lreset_vec              reset_vec    0000
__Lsfr0                   sfr0         0000
__Lsfr1                   sfr1         0000
__Lsfr2                   sfr2         0000
__Lsfr3                   sfr3         0000
__Lstrings                strings      0000
__Ltext                   text         0000
__S0                      (abs)        2008
__S1                      (abs)        007E
__S2                      (abs)        0000
___awdiv                  text160      078C
___awdiv@counter          cstackCOMMON 0075
___awdiv@dividend         cstackCOMMON 0072
___awdiv@divisor          cstackCOMMON 0070
___awdiv@quotient         cstackCOMMON 0077
___awdiv@sign             cstackCOMMON 0076
___awmod                  text159      0726
___awmod@counter          cstackCOMMON 0075
___awmod@dividend         cstackCOMMON 0072
___awmod@divisor          cstackCOMMON 0070
___awmod@sign             cstackCOMMON 0076
__end_of___awdiv          text160      0800
__end_of___awmod          text159      078C
__end_of_adc_initialize   text161      060A
__end_of_beep             text154      0690
__end_of_delay_ms         text157      066B
__end_of_main             maintext     0726
__end_of_seg7_1_dis       text156      0621
__end_of_seg7_2_dis       text155      0638
__end_of_seg7_com_dis     text153      06D2
__end_of_seg7_initialize  text158      0650
__pcstackCOMMON           cstackCOMMON 0070
__pmaintext               maintext     06D2
__ptext152                text152      0000
__ptext153                text153      0690
__ptext154                text154      066B
__ptext155                text155      0621
__ptext156                text156      060A
__ptext157                text157      0650
__ptext158                text158      0638
__ptext159                text159      0726
__ptext160                text160      078C
__ptext161                text161      05F8
__ptext162                text162      0000
__size_of___awdiv         (abs)        0000
__size_of___awmod         (abs)        0000
__size_of_adc_initialize  (abs)        0000
__size_of_beep            (abs)        0000
__size_of_delay_ms        (abs)        0000
__size_of_main            (abs)        0000
__size_of_seg7_1_dis      (abs)        0000
__size_of_seg7_2_dis      (abs)        0000
__size_of_seg7_com_dis    (abs)        0000
__size_of_seg7_initialize (abs)        0000
_adc_initialize           text161      05F8
_beep                     text154      066B
_delay_ms                 text157      0650
_exit                     init         0000
_main                     maintext     06D2
_seg7_1_dis               text156      060A
_seg7_2_dis               text155      0621
_seg7_com_dis             text153      0690
_seg7_initialize          text158      0638
beep@uc_count             cstackCOMMON 0074
btemp                     (abs)        007E
delay_ms@ui_value         cstackCOMMON 0070
end_of_initialization     cinit        05F4
intlevel0                 functab      0000
intlevel1                 functab      0000
intlevel2                 functab      0000
intlevel3                 functab      0000
intlevel4                 functab      0000
intlevel5                 functab      0000
main@value                cstackCOMMON 007D
reset_vec                 reset_vec    0000
seg7_1_dis@uc_number      cstackCOMMON 0072
seg7_2_dis@uc_number      cstackCOMMON 0072
seg7_com_dis@uc_number    cstackCOMMON 007B
start                     init         0000
start_initialization      cinit        05F4
wtemp0                    (abs)        007E
