HI-TECH Software C Compiler 

Linker command line:

--edf=C:\Program Files (x86)\HI-TECH Software\PICC\9.83\dat\en_msgs.txt -cs \
  -h+Example7.sym -z -Q16F877A -ol.obj -MExample7.map -E1 \
  -ACONST=00h-0FFhx32 -ACODE=00h-07FFhx4 -ASTRCODE=00h-01FFFh \
  -AENTRY=00h-0FFhx32 -ASTRING=00h-0FFhx32 -ABANK0=020h-06Fh \
  -ABANK1=0A0h-0EFh -ABANK2=0110h-016Fh -ABANK3=0190h-01EFh \
  -ARAM=020h-06Fh,0A0h-0EFh,0110h-016Fh,0190h-01EFh \
  -AABS1=020h-07Fh,0A0h-0EFh,0110h-016Fh,0190h-01EFh -ACOMMON=070h-07Fh \
  -ASFR0=00h-01Fh -ASFR1=080h-09Fh -ASFR2=0100h-010Fh -ASFR3=0180h-018Fh \
  -preset_vec=00h,intentry,init,end_init -ppowerup=CODE -pfunctab=CODE \
  -ACONFIG=02007h-02007h -pconfig=CONFIG -DCONFIG=2 -AIDLOC=02000h-02003h \
  -pidloc=IDLOC -DIDLOC=2 -AEEDATA=00h-0FFh/02100h -peeprom_data=EEDATA \
  -DEEDATA=2 -DCODE=2 -DSTRCODE=2 -DSTRING=2 -DCONST=2 -DENTRY=2 -k \
  startup.obj Example7.obj 

Object code version is 3.10

Machine type is 16F877A



                Name                               Link     Load   Length Selector   Space Scale
startup.obj     end_init                              0        0        3        0       0
Example7.obj    config                             2007     2007        1     400E       0
                text315                             547      547       12      A8E       0
                text314                             53F      53F        4      A7E       0
                text313                             654      654       4E      CA8       0
                text312                             708      708       74      E10       0
                text311                             6A2      6A2       66      D44       0
                text310                             5DF      5DF       33      BBE       0
                text309                             587      587       18      B0E       0
                text308                             559      559       17      AB2       0
                text307                             570      570       17      AE0       0
                text306                             59F      59F       1B      B3E       0
                text305                             612      612       42      C24       0
                text304                             5BA      5BA       25      B74       0
                maintext                            77C      77C       84      EF8       0
                cstackBANK0                          20       20        3       20       1
                cstackCOMMON                         70       70        E       70       1
                cinit                               543      543        4      A86       0

TOTAL           Name                               Link     Load   Length     Space
        CLASS   CONST          

        CLASS   CODE           
                end_init                              0        0        3         0
                text315                             547      547       12         0
                text314                             53F      53F        4         0
                text313                             654      654       4E         0
                text312                             708      708       74         0
                text311                             6A2      6A2       66         0
                text310                             5DF      5DF       33         0
                text309                             587      587       18         0
                text308                             559      559       17         0
                text307                             570      570       17         0
                text306                             59F      59F       1B         0
                text305                             612      612       42         0
                text304                             5BA      5BA       25         0
                maintext                            77C      77C       84         0
                cinit                               543      543        4         0

        CLASS   STRCODE        

        CLASS   ENTRY          

        CLASS   STRING         

        CLASS   BANK0          
                cstackBANK0                          20       20        3         1

        CLASS   BANK1          

        CLASS   BANK2          

        CLASS   BANK3          

        CLASS   RAM            

        CLASS   ABS1           
                abs_s1                               7E       7E        2         1

        CLASS   COMMON         
                cstackCOMMON                         70       70        E         1

        CLASS   SFR0           

        CLASS   SFR1           

        CLASS   SFR2           

        CLASS   SFR3           

        CLASS   CONFIG         
                config                             2007     2007        1         0

        CLASS   IDLOC          

        CLASS   EEDATA         



SEGMENTS        Name                           Load    Length   Top    Selector   Space  Class     Delta

                reset_vec                      000000  000003  000003         0       0  CODE        2
                cstackBANK0                    000020  000003  000023        20       1  BANK0       1
                cstackCOMMON                   000070  00000E  00007E        70       1  COMMON      1
                text314                        00053F  000004  000543       A7E       0  CODE        2
                cinit                          000543  000004  000547       A86       0  CODE        2
                text315                        000547  000012  000559       A8E       0  CODE        2
                text308                        000559  000017  000570       AB2       0  CODE        2
                text307                        000570  000017  000587       AE0       0  CODE        2
                text309                        000587  000018  00059F       B0E       0  CODE        2
                text306                        00059F  00001B  0005BA       B3E       0  CODE        2
                text304                        0005BA  000025  0005DF       B74       0  CODE        2
                text310                        0005DF  000033  000612       BBE       0  CODE        2
                text305                        000612  000042  000654       C24       0  CODE        2
                text313                        000654  00004E  0006A2       CA8       0  CODE        2
                text311                        0006A2  000066  000708       D44       0  CODE        2
                text312                        000708  000074  00077C       E10       0  CODE        2
                maintext                       00077C  000084  000800       EF8       0  CODE        2
                config                         002007  000001  002008      400E       0  CONFIG      2


UNUSED ADDRESS RANGES

        Name                Unused          Largest block    Delta
        BANK0            0023-006F             4D           1
        BANK1            00A0-00EF             50           1
        BANK2            0110-016F             60           1
        BANK3            0190-01EF             60           1
        CODE             0003-053E            53C           2
                         0800-1FFF            800
        CONST            0003-053E            100           2
                         0800-1FFF            100
        EEDATA           2100-21FF            100           2
        ENTRY            0003-053E            100           2
                         0800-1FFF            100
        IDLOC            2000-2003              4           2
        RAM              0023-006F             4D           1
                         00A0-00EF             50
                         0110-016F             60
                         0190-01EF             60
        SFR0             0000-001F             20           1
        SFR1             0080-009F             20           1
        SFR2             0100-010F             10           1
        SFR3             0180-018F             10           1
        STRCODE          0003-053E            53C           2
                         0800-1FFF           1800
        STRING           0003-053E            100           2
                         0800-1FFF            100

                                  Symbol Table

??___awdiv                cstackCOMMON 0074
??___awmod                cstackCOMMON 0074
??___lwdiv                cstackCOMMON 0074
??_adc_initialize         cstackCOMMON 0070
??_adc_on                 cstackCOMMON 0070
??_beep                   cstackCOMMON 0074
??_delay_ms               cstackCOMMON 0072
??_main                   cstackCOMMON 007C
??_seg7_1_dis             cstackCOMMON 0070
??_seg7_2_dis             cstackCOMMON 0070
??_seg7_com_dis           cstackCOMMON 0079
??_seg7_initialize        cstackCOMMON 0070
??_ui_adc_read            cstackCOMMON 0072
?___awdiv                 cstackCOMMON 0070
?___awmod                 cstackCOMMON 0070
?___lwdiv                 cstackCOMMON 0070
?_adc_initialize          cstackCOMMON 0070
?_adc_on                  cstackCOMMON 0070
?_beep                    cstackCOMMON 0070
?_delay_ms                cstackCOMMON 0070
?_main                    cstackCOMMON 0070
?_seg7_1_dis              cstackCOMMON 0070
?_seg7_2_dis              cstackCOMMON 0070
?_seg7_com_dis            cstackCOMMON 0070
?_seg7_initialize         cstackCOMMON 0070
?_ui_adc_read             cstackCOMMON 0070
_ADCS0                    (abs)        00FE
_ADCS1                    (abs)        00FF
_ADCS2                    (abs)        04FE
_ADFM                     (abs)        04FF
_ADON                     (abs)        00F8
_ADRESH                   (abs)        001E
_ADRESL                   (abs)        009E
_CARRY                    (abs)        0018
_CHS0                     (abs)        00FB
_CHS1                     (abs)        00FC
_CHS2                     (abs)        00FD
_EEADR                    (abs)        010D
_EECON1                   (abs)        018C
_EECON2                   (abs)        018D
_EEDATA                   (abs)        010C
_GIE                      (abs)        005F
_GO_DONE                  (abs)        00FA
_PCFG0                    (abs)        04F8
_PCFG1                    (abs)        04F9
_PCFG2                    (abs)        04FA
_PCFG3                    (abs)        04FB
_PORTA                    (abs)        0005
_PORTB                    (abs)        0006
_PORTC                    (abs)        0007
_PORTD                    (abs)        0008
_PORTE                    (abs)        0009
_RC2                      (abs)        003A
_RD                       (abs)        0C60
_RE0                      (abs)        0048
_RE1                      (abs)        0049
_TRISA                    (abs)        0085
_TRISB                    (abs)        0086
_TRISC                    (abs)        0087
_TRISD                    (abs)        0088
_TRISE                    (abs)        0089
_WR                       (abs)        0C61
_WREN                     (abs)        0C62
__Habs1                   abs1         0000
__Hbank0                  bank0        0000
__Hbank1                  bank1        0000
__Hbank2                  bank2        0000
__Hbank3                  bank3        0000
__Hcinit                  cinit        0000
__Hclrtext                clrtext      0000
__Hcode                   code         0000
__Hcommon                 common       0000
__Hconfig                 config       2008
__HcstackBANK0            cstackBANK0  0000
__HcstackCOMMON           cstackCOMMON 0000
__Heeprom_data            eeprom_data  0000
__Hend_init               end_init     0003
__Hfunctab                functab      0000
__Hidloc                  idloc        0000
__Hinit                   init         0000
__Hintentry               intentry     0000
__Hmaintext               maintext     0000
__Hpowerup                powerup      0000
__Hram                    ram          0000
__Hreset_vec              reset_vec    0000
__Hsfr0                   sfr0         0000
__Hsfr1                   sfr1         0000
__Hsfr2                   sfr2         0000
__Hsfr3                   sfr3         0000
__Hstrings                strings      0000
__Htext                   text         0000
__Labs1                   abs1         0000
__Lbank0                  bank0        0000
__Lbank1                  bank1        0000
__Lbank2                  bank2        0000
__Lbank3                  bank3        0000
__Lcinit                  cinit        0000
__Lclrtext                clrtext      0000
__Lcode                   code         0000
__Lcommon                 common       0000
__Lconfig                 config       2007
__LcstackBANK0            cstackBANK0  0000
__LcstackCOMMON           cstackCOMMON 0000
__Leeprom_data            eeprom_data  0000
__Lend_init               end_init     0000
__Lfunctab                functab      0000
__Lidloc                  idloc        0000
__Linit                   init         0000
__Lintentry               intentry     0000
__Lmaintext               maintext     0000
__Lpowerup                powerup      0000
__Lram                    ram          0000
__Lreset_vec              reset_vec    0000
__Lsfr0                   sfr0         0000
__Lsfr1                   sfr1         0000
__Lsfr2                   sfr2         0000
__Lsfr3                   sfr3         0000
__Lstrings                strings      0000
__Ltext                   text         0000
__S0                      (abs)        2008
__S1                      (abs)        007E
__S2                      (abs)        0000
___awdiv                  text312      0708
___awdiv@counter          cstackCOMMON 0075
___awdiv@dividend         cstackCOMMON 0072
___awdiv@divisor          cstackCOMMON 0070
___awdiv@quotient         cstackCOMMON 0077
___awdiv@sign             cstackCOMMON 0076
___awmod                  text311      06A2
___awmod@counter          cstackCOMMON 0075
___awmod@dividend         cstackCOMMON 0072
___awmod@divisor          cstackCOMMON 0070
___awmod@sign             cstackCOMMON 0076
___lwdiv                  text313      0654
___lwdiv@counter          cstackCOMMON 0077
___lwdiv@dividend         cstackCOMMON 0072
___lwdiv@divisor          cstackCOMMON 0070
___lwdiv@quotient         cstackCOMMON 0075
__end_of___awdiv          text312      077C
__end_of___awmod          text311      0708
__end_of___lwdiv          text313      06A2
__end_of_adc_initialize   text315      0559
__end_of_adc_on           text314      0543
__end_of_beep             text304      05DF
__end_of_delay_ms         text306      05BA
__end_of_main             maintext     0800
__end_of_seg7_1_dis       text308      0570
__end_of_seg7_2_dis       text307      0587
__end_of_seg7_com_dis     text305      0654
__end_of_seg7_initialize  text309      059F
__end_of_ui_adc_read      text310      0612
__pcstackBANK0            cstackBANK0  0020
__pcstackCOMMON           cstackCOMMON 0070
__pmaintext               maintext     077C
__ptext303                text303      0000
__ptext304                text304      05BA
__ptext305                text305      0612
__ptext306                text306      059F
__ptext307                text307      0570
__ptext308                text308      0559
__ptext309                text309      0587
__ptext310                text310      05DF
__ptext311                text311      06A2
__ptext312                text312      0708
__ptext313                text313      0654
__ptext314                text314      053F
__ptext315                text315      0547
__ptext316                text316      0000
__size_of___awdiv         (abs)        0000
__size_of___awmod         (abs)        0000
__size_of___lwdiv         (abs)        0000
__size_of_adc_initialize  (abs)        0000
__size_of_adc_on          (abs)        0000
__size_of_beep            (abs)        0000
__size_of_delay_ms        (abs)        0000
__size_of_main            (abs)        0000
__size_of_seg7_1_dis      (abs)        0000
__size_of_seg7_2_dis      (abs)        0000
__size_of_seg7_com_dis    (abs)        0000
__size_of_seg7_initialize (abs)        0000
__size_of_ui_adc_read     (abs)        0000
_adc_initialize           text315      0547
_adc_on                   text314      053F
_beep                     text304      05BA
_delay_ms                 text306      059F
_exit                     init         0000
_main                     maintext     077C
_seg7_1_dis               text308      0559
_seg7_2_dis               text307      0570
_seg7_com_dis             text305      0612
_seg7_initialize          text309      0587
_ui_adc_read              text310      05DF
beep@uc_count             cstackCOMMON 0074
btemp                     (abs)        007E
delay_ms@ui_value         cstackCOMMON 0070
end_of_initialization     cinit        0543
intlevel0                 functab      0000
intlevel1                 functab      0000
intlevel2                 functab      0000
intlevel3                 functab      0000
intlevel4                 functab      0000
intlevel5                 functab      0000
main@i                    cstackBANK0  0020
main@temperature          cstackBANK0  0021
reset_vec                 reset_vec    0000
seg7_1_dis@uc_number      cstackCOMMON 0072
seg7_2_dis@uc_number      cstackCOMMON 0072
seg7_com_dis@uc_number    cstackCOMMON 007B
start                     init         0000
start_initialization      cinit        0543
ui_adc_read@temp          cstackCOMMON 0074
wtemp0                    (abs)        007E
